
AVRASM ver. 2.1.30  H:\Project\TL494a\Test voltmetr\cvU\List\volt.asm Sat Jan 11 19:53:18 2014

H:\Project\TL494a\Test voltmetr\cvU\List\volt.asm(952): warning: Register r3 already defined by the .DEF directive
H:\Project\TL494a\Test voltmetr\cvU\List\volt.asm(953): warning: Register r2 already defined by the .DEF directive
H:\Project\TL494a\Test voltmetr\cvU\List\volt.asm(954): warning: Register r5 already defined by the .DEF directive
H:\Project\TL494a\Test voltmetr\cvU\List\volt.asm(955): warning: Register r4 already defined by the .DEF directive
H:\Project\TL494a\Test voltmetr\cvU\List\volt.asm(956): warning: Register r6 already defined by the .DEF directive
H:\Project\TL494a\Test voltmetr\cvU\List\volt.asm(957): warning: Register r8 already defined by the .DEF directive
H:\Project\TL494a\Test voltmetr\cvU\List\volt.asm(958): warning: Register r10 already defined by the .DEF directive
H:\Project\TL494a\Test voltmetr\cvU\List\volt.asm(959): warning: Register r12 already defined by the .DEF directive
                 
                 
                 ;CodeVisionAVR C Compiler V2.04.4a Advanced
                 ;(C) Copyright 1998-2009 Pavel Haiduc, HP InfoTech s.r.l.
                 ;http://www.hpinfotech.com
                 
                 ;Chip type                : ATtiny261
                 ;Program type             : Application
                 ;Clock frequency          : 8,000000 MHz
                 ;Memory model             : Tiny
                 ;Optimize for             : Size
                 ;(s)printf features       : int, width
                 ;(s)scanf features        : int, width
                 ;External RAM size        : 0
                 ;Data Stack size          : 32 byte(s)
                 ;Heap size                : 0 byte(s)
                 ;Promote 'char' to 'int'  : No
                 ;'char' is unsigned       : Yes
                 ;8 bit enums              : Yes
                 ;global 'const' stored in FLASH: Yes
                 ;Enhanced core instructions    : On
                 ;Smart register allocation     : On
                 ;Automatic register allocation : On
                 
                 	#pragma AVRPART ADMIN PART_NAME ATtiny261
                 	#pragma AVRPART MEMORY PROG_FLASH 2048
                 	#pragma AVRPART MEMORY EEPROM 128
                 	#pragma AVRPART MEMORY INT_SRAM SIZE 128
                 	#pragma AVRPART MEMORY INT_SRAM START_ADDR 0x60
                 
                 	.LISTMAC
                 	.EQU EERE=0x0
                 	.EQU EEWE=0x1
                 	.EQU EEMWE=0x2
                 	.EQU EECR=0x1C
                 	.EQU EEDR=0x1D
                 	.EQU EEARL=0x1E
                 
                 	.EQU WDTCR=0x21
                 	.EQU MCUSR=0x34
                 	.EQU MCUCR=0x35
                 	.EQU SPL=0x3D
                 	.EQU SREG=0x3F
                 	.EQU GPIOR0=0x0A
                 	.EQU GPIOR1=0x0B
                 	.EQU GPIOR2=0x0C
                 
                 	.DEF R0X0=R0
                 	.DEF R0X1=R1
                 	.DEF R0X2=R2
                 	.DEF R0X3=R3
                 	.DEF R0X4=R4
                 	.DEF R0X5=R5
                 	.DEF R0X6=R6
                 	.DEF R0X7=R7
                 	.DEF R0X8=R8
                 	.DEF R0X9=R9
                 	.DEF R0XA=R10
                 	.DEF R0XB=R11
                 	.DEF R0XC=R12
                 	.DEF R0XD=R13
                 	.DEF R0XE=R14
                 	.DEF R0XF=R15
                 	.DEF R0X10=R16
                 	.DEF R0X11=R17
                 	.DEF R0X12=R18
                 	.DEF R0X13=R19
                 	.DEF R0X14=R20
                 	.DEF R0X15=R21
                 	.DEF R0X16=R22
                 	.DEF R0X17=R23
                 	.DEF R0X18=R24
                 	.DEF R0X19=R25
                 	.DEF R0X1A=R26
                 	.DEF R0X1B=R27
                 	.DEF R0X1C=R28
                 	.DEF R0X1D=R29
                 	.DEF R0X1E=R30
                 	.DEF R0X1F=R31
                 
                 	.MACRO __CPD1N
                 	CPI  R30,LOW(@0)
                 	LDI  R26,HIGH(@0)
                 	CPC  R31,R26
                 	LDI  R26,BYTE3(@0)
                 	CPC  R22,R26
                 	LDI  R26,BYTE4(@0)
                 	CPC  R23,R26
                 	.ENDM
                 
                 	.MACRO __CPD2N
                 	CPI  R26,LOW(@0)
                 	LDI  R30,HIGH(@0)
                 	CPC  R27,R30
                 	LDI  R30,BYTE3(@0)
                 	CPC  R24,R30
                 	LDI  R30,BYTE4(@0)
                 	CPC  R25,R30
                 	.ENDM
                 
                 	.MACRO __CPWRR
                 	CP   R@0,R@2
                 	CPC  R@1,R@3
                 	.ENDM
                 
                 	.MACRO __CPWRN
                 	CPI  R@0,LOW(@2)
                 	LDI  R30,HIGH(@2)
                 	CPC  R@1,R30
                 	.ENDM
                 
                 	.MACRO __ADDB1MN
                 	SUBI R30,LOW(-@0-(@1))
                 	.ENDM
                 
                 	.MACRO __ADDB2MN
                 	SUBI R26,LOW(-@0-(@1))
                 	.ENDM
                 
                 	.MACRO __ADDW1MN
                 	SUBI R30,LOW(-@0-(@1))
                 	SBCI R31,HIGH(-@0-(@1))
                 	.ENDM
                 
                 	.MACRO __ADDW2MN
                 	SUBI R26,LOW(-@0-(@1))
                 	SBCI R27,HIGH(-@0-(@1))
                 	.ENDM
                 
                 	.MACRO __ADDW1FN
                 	SUBI R30,LOW(-2*@0-(@1))
                 	SBCI R31,HIGH(-2*@0-(@1))
                 	.ENDM
                 
                 	.MACRO __ADDD1FN
                 	SUBI R30,LOW(-2*@0-(@1))
                 	SBCI R31,HIGH(-2*@0-(@1))
                 	SBCI R22,BYTE3(-2*@0-(@1))
                 	.ENDM
                 
                 	.MACRO __ADDD1N
                 	SUBI R30,LOW(-@0)
                 	SBCI R31,HIGH(-@0)
                 	SBCI R22,BYTE3(-@0)
                 	SBCI R23,BYTE4(-@0)
                 	.ENDM
                 
                 	.MACRO __ADDD2N
                 	SUBI R26,LOW(-@0)
                 	SBCI R27,HIGH(-@0)
                 	SBCI R24,BYTE3(-@0)
                 	SBCI R25,BYTE4(-@0)
                 	.ENDM
                 
                 	.MACRO __SUBD1N
                 	SUBI R30,LOW(@0)
                 	SBCI R31,HIGH(@0)
                 	SBCI R22,BYTE3(@0)
                 	SBCI R23,BYTE4(@0)
                 	.ENDM
                 
                 	.MACRO __SUBD2N
                 	SUBI R26,LOW(@0)
                 	SBCI R27,HIGH(@0)
                 	SBCI R24,BYTE3(@0)
                 	SBCI R25,BYTE4(@0)
                 	.ENDM
                 
                 	.MACRO __ANDBMNN
                 	LDS  R30,@0+(@1)
                 	ANDI R30,LOW(@2)
                 	STS  @0+(@1),R30
                 	.ENDM
                 
                 	.MACRO __ANDWMNN
                 	LDS  R30,@0+(@1)
                 	ANDI R30,LOW(@2)
                 	STS  @0+(@1),R30
                 	LDS  R30,@0+(@1)+1
                 	ANDI R30,HIGH(@2)
                 	STS  @0+(@1)+1,R30
                 	.ENDM
                 
                 	.MACRO __ANDD1N
                 	ANDI R30,LOW(@0)
                 	ANDI R31,HIGH(@0)
                 	ANDI R22,BYTE3(@0)
                 	ANDI R23,BYTE4(@0)
                 	.ENDM
                 
                 	.MACRO __ANDD2N
                 	ANDI R26,LOW(@0)
                 	ANDI R27,HIGH(@0)
                 	ANDI R24,BYTE3(@0)
                 	ANDI R25,BYTE4(@0)
                 	.ENDM
                 
                 	.MACRO __ORBMNN
                 	LDS  R30,@0+(@1)
                 	ORI  R30,LOW(@2)
                 	STS  @0+(@1),R30
                 	.ENDM
                 
                 	.MACRO __ORWMNN
                 	LDS  R30,@0+(@1)
                 	ORI  R30,LOW(@2)
                 	STS  @0+(@1),R30
                 	LDS  R30,@0+(@1)+1
                 	ORI  R30,HIGH(@2)
                 	STS  @0+(@1)+1,R30
                 	.ENDM
                 
                 	.MACRO __ORD1N
                 	ORI  R30,LOW(@0)
                 	ORI  R31,HIGH(@0)
                 	ORI  R22,BYTE3(@0)
                 	ORI  R23,BYTE4(@0)
                 	.ENDM
                 
                 	.MACRO __ORD2N
                 	ORI  R26,LOW(@0)
                 	ORI  R27,HIGH(@0)
                 	ORI  R24,BYTE3(@0)
                 	ORI  R25,BYTE4(@0)
                 	.ENDM
                 
                 	.MACRO __DELAY_USB
                 	LDI  R24,LOW(@0)
                 __DELAY_USB_LOOP:
                 	DEC  R24
                 	BRNE __DELAY_USB_LOOP
                 	.ENDM
                 
                 	.MACRO __DELAY_USW
                 	LDI  R24,LOW(@0)
                 	LDI  R25,HIGH(@0)
                 __DELAY_USW_LOOP:
                 	SBIW R24,1
                 	BRNE __DELAY_USW_LOOP
                 	.ENDM
                 
                 	.MACRO __GETD1S
                 	LDD  R30,Y+@0
                 	LDD  R31,Y+@0+1
                 	LDD  R22,Y+@0+2
                 	LDD  R23,Y+@0+3
                 	.ENDM
                 
                 	.MACRO __GETD2S
                 	LDD  R26,Y+@0
                 	LDD  R27,Y+@0+1
                 	LDD  R24,Y+@0+2
                 	LDD  R25,Y+@0+3
                 	.ENDM
                 
                 	.MACRO __PUTD1S
                 	STD  Y+@0,R30
                 	STD  Y+@0+1,R31
                 	STD  Y+@0+2,R22
                 	STD  Y+@0+3,R23
                 	.ENDM
                 
                 	.MACRO __PUTD2S
                 	STD  Y+@0,R26
                 	STD  Y+@0+1,R27
                 	STD  Y+@0+2,R24
                 	STD  Y+@0+3,R25
                 	.ENDM
                 
                 	.MACRO __PUTDZ2
                 	STD  Z+@0,R26
                 	STD  Z+@0+1,R27
                 	STD  Z+@0+2,R24
                 	STD  Z+@0+3,R25
                 	.ENDM
                 
                 	.MACRO __CLRD1S
                 	STD  Y+@0,R30
                 	STD  Y+@0+1,R30
                 	STD  Y+@0+2,R30
                 	STD  Y+@0+3,R30
                 	.ENDM
                 
                 	.MACRO __POINTB1MN
                 	LDI  R30,LOW(@0+(@1))
                 	.ENDM
                 
                 	.MACRO __POINTW1MN
                 	LDI  R30,LOW(@0+(@1))
                 	LDI  R31,HIGH(@0+(@1))
                 	.ENDM
                 
                 	.MACRO __POINTD1M
                 	LDI  R30,LOW(@0)
                 	LDI  R31,HIGH(@0)
                 	LDI  R22,BYTE3(@0)
                 	LDI  R23,BYTE4(@0)
                 	.ENDM
                 
                 	.MACRO __POINTW1FN
                 	LDI  R30,LOW(2*@0+(@1))
                 	LDI  R31,HIGH(2*@0+(@1))
                 	.ENDM
                 
                 	.MACRO __POINTD1FN
                 	LDI  R30,LOW(2*@0+(@1))
                 	LDI  R31,HIGH(2*@0+(@1))
                 	LDI  R22,BYTE3(2*@0+(@1))
                 	LDI  R23,BYTE4(2*@0+(@1))
                 	.ENDM
                 
                 	.MACRO __POINTB2MN
                 	LDI  R26,LOW(@0+(@1))
                 	.ENDM
                 
                 	.MACRO __POINTW2MN
                 	LDI  R26,LOW(@0+(@1))
                 	LDI  R27,HIGH(@0+(@1))
                 	.ENDM
                 
                 	.MACRO __POINTBRM
                 	LDI  R@0,LOW(@1)
                 	.ENDM
                 
                 	.MACRO __POINTWRM
                 	LDI  R@0,LOW(@2)
                 	LDI  R@1,HIGH(@2)
                 	.ENDM
                 
                 	.MACRO __POINTBRMN
                 	LDI  R@0,LOW(@1+(@2))
                 	.ENDM
                 
                 	.MACRO __POINTWRMN
                 	LDI  R@0,LOW(@2+(@3))
                 	LDI  R@1,HIGH(@2+(@3))
                 	.ENDM
                 
                 	.MACRO __POINTWRFN
                 	LDI  R@0,LOW(@2*2+(@3))
                 	LDI  R@1,HIGH(@2*2+(@3))
                 	.ENDM
                 
                 	.MACRO __GETD1N
                 	LDI  R30,LOW(@0)
                 	LDI  R31,HIGH(@0)
                 	LDI  R22,BYTE3(@0)
                 	LDI  R23,BYTE4(@0)
                 	.ENDM
                 
                 	.MACRO __GETD2N
                 	LDI  R26,LOW(@0)
                 	LDI  R27,HIGH(@0)
                 	LDI  R24,BYTE3(@0)
                 	LDI  R25,BYTE4(@0)
                 	.ENDM
                 
                 	.MACRO __GETB1MN
                 	LDS  R30,@0+(@1)
                 	.ENDM
                 
                 	.MACRO __GETB1HMN
                 	LDS  R31,@0+(@1)
                 	.ENDM
                 
                 	.MACRO __GETW1MN
                 	LDS  R30,@0+(@1)
                 	LDS  R31,@0+(@1)+1
                 	.ENDM
                 
                 	.MACRO __GETD1MN
                 	LDS  R30,@0+(@1)
                 	LDS  R31,@0+(@1)+1
                 	LDS  R22,@0+(@1)+2
                 	LDS  R23,@0+(@1)+3
                 	.ENDM
                 
                 	.MACRO __GETBRMN
                 	LDS  R@0,@1+(@2)
                 	.ENDM
                 
                 	.MACRO __GETWRMN
                 	LDS  R@0,@2+(@3)
                 	LDS  R@1,@2+(@3)+1
                 	.ENDM
                 
                 	.MACRO __GETWRZ
                 	LDD  R@0,Z+@2
                 	LDD  R@1,Z+@2+1
                 	.ENDM
                 
                 	.MACRO __GETD2Z
                 	LDD  R26,Z+@0
                 	LDD  R27,Z+@0+1
                 	LDD  R24,Z+@0+2
                 	LDD  R25,Z+@0+3
                 	.ENDM
                 
                 	.MACRO __GETB2MN
                 	LDS  R26,@0+(@1)
                 	.ENDM
                 
                 	.MACRO __GETW2MN
                 	LDS  R26,@0+(@1)
                 	LDS  R27,@0+(@1)+1
                 	.ENDM
                 
                 	.MACRO __GETD2MN
                 	LDS  R26,@0+(@1)
                 	LDS  R27,@0+(@1)+1
                 	LDS  R24,@0+(@1)+2
                 	LDS  R25,@0+(@1)+3
                 	.ENDM
                 
                 	.MACRO __PUTB1MN
                 	STS  @0+(@1),R30
                 	.ENDM
                 
                 	.MACRO __PUTW1MN
                 	STS  @0+(@1),R30
                 	STS  @0+(@1)+1,R31
                 	.ENDM
                 
                 	.MACRO __PUTD1MN
                 	STS  @0+(@1),R30
                 	STS  @0+(@1)+1,R31
                 	STS  @0+(@1)+2,R22
                 	STS  @0+(@1)+3,R23
                 	.ENDM
                 
                 	.MACRO __PUTB1EN
                 	LDI  R26,LOW(@0+(@1))
                 	LDI  R27,HIGH(@0+(@1))
                 	RCALL __EEPROMWRB
                 	.ENDM
                 
                 	.MACRO __PUTW1EN
                 	LDI  R26,LOW(@0+(@1))
                 	LDI  R27,HIGH(@0+(@1))
                 	RCALL __EEPROMWRW
                 	.ENDM
                 
                 	.MACRO __PUTD1EN
                 	LDI  R26,LOW(@0+(@1))
                 	LDI  R27,HIGH(@0+(@1))
                 	RCALL __EEPROMWRD
                 	.ENDM
                 
                 	.MACRO __PUTBR0MN
                 	STS  @0+(@1),R0
                 	.ENDM
                 
                 	.MACRO __PUTBMRN
                 	STS  @0+(@1),R@2
                 	.ENDM
                 
                 	.MACRO __PUTWMRN
                 	STS  @0+(@1),R@2
                 	STS  @0+(@1)+1,R@3
                 	.ENDM
                 
                 	.MACRO __PUTBZR
                 	STD  Z+@1,R@0
                 	.ENDM
                 
                 	.MACRO __PUTWZR
                 	STD  Z+@2,R@0
                 	STD  Z+@2+1,R@1
                 	.ENDM
                 
                 	.MACRO __GETW1R
                 	MOV  R30,R@0
                 	MOV  R31,R@1
                 	.ENDM
                 
                 	.MACRO __GETW2R
                 	MOV  R26,R@0
                 	MOV  R27,R@1
                 	.ENDM
                 
                 	.MACRO __GETWRN
                 	LDI  R@0,LOW(@2)
                 	LDI  R@1,HIGH(@2)
                 	.ENDM
                 
                 	.MACRO __PUTW1R
                 	MOV  R@0,R30
                 	MOV  R@1,R31
                 	.ENDM
                 
                 	.MACRO __PUTW2R
                 	MOV  R@0,R26
                 	MOV  R@1,R27
                 	.ENDM
                 
                 	.MACRO __ADDWRN
                 	SUBI R@0,LOW(-@2)
                 	SBCI R@1,HIGH(-@2)
                 	.ENDM
                 
                 	.MACRO __ADDWRR
                 	ADD  R@0,R@2
                 	ADC  R@1,R@3
                 	.ENDM
                 
                 	.MACRO __SUBWRN
                 	SUBI R@0,LOW(@2)
                 	SBCI R@1,HIGH(@2)
                 	.ENDM
                 
                 	.MACRO __SUBWRR
                 	SUB  R@0,R@2
                 	SBC  R@1,R@3
                 	.ENDM
                 
                 	.MACRO __ANDWRN
                 	ANDI R@0,LOW(@2)
                 	ANDI R@1,HIGH(@2)
                 	.ENDM
                 
                 	.MACRO __ANDWRR
                 	AND  R@0,R@2
                 	AND  R@1,R@3
                 	.ENDM
                 
                 	.MACRO __ORWRN
                 	ORI  R@0,LOW(@2)
                 	ORI  R@1,HIGH(@2)
                 	.ENDM
                 
                 	.MACRO __ORWRR
                 	OR   R@0,R@2
                 	OR   R@1,R@3
                 	.ENDM
                 
                 	.MACRO __EORWRR
                 	EOR  R@0,R@2
                 	EOR  R@1,R@3
                 	.ENDM
                 
                 	.MACRO __GETWRS
                 	LDD  R@0,Y+@2
                 	LDD  R@1,Y+@2+1
                 	.ENDM
                 
                 	.MACRO __PUTBSR
                 	STD  Y+@1,R@0
                 	.ENDM
                 
                 	.MACRO __PUTWSR
                 	STD  Y+@2,R@0
                 	STD  Y+@2+1,R@1
                 	.ENDM
                 
                 	.MACRO __MOVEWRR
                 	MOV  R@0,R@2
                 	MOV  R@1,R@3
                 	.ENDM
                 
                 	.MACRO __INWR
                 	IN   R@0,@2
                 	IN   R@1,@2+1
                 	.ENDM
                 
                 	.MACRO __OUTWR
                 	OUT  @2+1,R@1
                 	OUT  @2,R@0
                 	.ENDM
                 
                 	.MACRO __CALL1MN
                 	LDS  R30,@0+(@1)
                 	LDS  R31,@0+(@1)+1
                 	ICALL
                 	.ENDM
                 
                 	.MACRO __CALL1FN
                 	LDI  R30,LOW(2*@0+(@1))
                 	LDI  R31,HIGH(2*@0+(@1))
                 	RCALL __GETW1PF
                 	ICALL
                 	.ENDM
                 
                 	.MACRO __CALL2EN
                 	LDI  R26,LOW(@0+(@1))
                 	LDI  R27,HIGH(@0+(@1))
                 	RCALL __EEPROMRDW
                 	ICALL
                 	.ENDM
                 
                 	.MACRO __GETW1STACK
                 	IN   R26,SPL
                 	IN   R27,SPH
                 	ADIW R26,@0+1
                 	LD   R30,X+
                 	LD   R31,X
                 	.ENDM
                 
                 	.MACRO __GETD1STACK
                 	IN   R26,SPL
                 	IN   R27,SPH
                 	ADIW R26,@0+1
                 	LD   R30,X+
                 	LD   R31,X+
                 	LD   R22,X
                 	.ENDM
                 
                 	.MACRO __NBST
                 	BST  R@0,@1
                 	IN   R30,SREG
                 	LDI  R31,0x40
                 	EOR  R30,R31
                 	OUT  SREG,R30
                 	.ENDM
                 
                 
                 	.MACRO __PUTB1SN
                 	LDD  R26,Y+@0
                 	SUBI R26,-@1
                 	ST   X,R30
                 	.ENDM
                 
                 	.MACRO __PUTW1SN
                 	LDD  R26,Y+@0
                 	SUBI R26,-@1
                 	ST   X+,R30
                 	ST   X,R31
                 	.ENDM
                 
                 	.MACRO __PUTD1SN
                 	LDD  R26,Y+@0
                 	SUBI R26,-@1
                 	RCALL __PUTDP1
                 	.ENDM
                 
                 	.MACRO __PUTB1SNS
                 	LDD  R26,Y+@0
                 	SUBI R26,-@1
                 	ST   X,R30
                 	.ENDM
                 
                 	.MACRO __PUTW1SNS
                 	LDD  R26,Y+@0
                 	SUBI R26,-@1
                 	ST   X+,R30
                 	ST   X,R31
                 	.ENDM
                 
                 	.MACRO __PUTD1SNS
                 	LDD  R26,Y+@0
                 	SUBI R26,-@1
                 	RCALL __PUTDP1
                 	.ENDM
                 
                 	.MACRO __PUTB1RN
                 	MOV  R26,R@0
                 	SUBI R26,-@1
                 	ST   X,R30
                 	.ENDM
                 
                 	.MACRO __PUTW1RN
                 	MOV  R26,R@0
                 	SUBI R26,-@1
                 	ST   X+,R30
                 	ST   X,R31
                 	.ENDM
                 
                 	.MACRO __PUTD1RN
                 	MOV  R26,R@0
                 	SUBI R26,-@1
                 	RCALL __PUTDP1
                 	.ENDM
                 
                 	.MACRO __PUTB1RNS
                 	MOV  R26,R@0
                 	SUBI R26,-@1
                 	ST   X,R30
                 	.ENDM
                 
                 	.MACRO __PUTW1RNS
                 	MOV  R26,R@0
                 	SUBI R26,-@1
                 	ST   X+,R30
                 	ST   X,R31
                 	.ENDM
                 
                 	.MACRO __PUTD1RNS
                 	MOV  R26,R@0
                 	SUBI R26,-@1
                 	RCALL __PUTDP1
                 	.ENDM
                 
                 	.MACRO __PUTB1PMN
                 	LDS  R26,@0
                 	SUBI R26,-@1
                 	ST   X,R30
                 	.ENDM
                 
                 	.MACRO __PUTW1PMN
                 	LDS  R26,@0
                 	SUBI R26,-@1
                 	ST   X+,R30
                 	ST   X,R31
                 	.ENDM
                 
                 	.MACRO __PUTD1PMN
                 	LDS  R26,@0
                 	SUBI R26,-@1
                 	RCALL __PUTDP1
                 	.ENDM
                 
                 	.MACRO __PUTB1PMNS
                 	LDS  R26,@0
                 	SUBI R26,-@1
                 	ST   X,R30
                 	.ENDM
                 
                 	.MACRO __PUTW1PMNS
                 	LDS  R26,@0
                 	SUBI R26,-@1
                 	ST   X+,R30
                 	ST   X,R31
                 	.ENDM
                 
                 	.MACRO __PUTD1PMNS
                 	LDS  R26,@0
                 	SUBI R26,-@1
                 	RCALL __PUTDP1
                 	.ENDM
                 
                 	.MACRO __GETB1SX
                 	MOVW R30,R28
                 	SUBI R30,LOW(-@0)
                 	SBCI R31,HIGH(-@0)
                 	LD   R30,Z
                 	.ENDM
                 
                 	.MACRO __GETB1HSX
                 	MOVW R30,R28
                 	SUBI R30,LOW(-@0)
                 	SBCI R31,HIGH(-@0)
                 	LD   R31,Z
                 	.ENDM
                 
                 	.MACRO __GETW1SX
                 	MOVW R30,R28
                 	SUBI R30,LOW(-@0)
                 	SBCI R31,HIGH(-@0)
                 	LD   R0,Z+
                 	LD   R31,Z
                 	MOV  R30,R0
                 	.ENDM
                 
                 	.MACRO __GETD1SX
                 	MOVW R30,R28
                 	SUBI R30,LOW(-@0)
                 	SBCI R31,HIGH(-@0)
                 	LD   R0,Z+
                 	LD   R1,Z+
                 	LD   R22,Z+
                 	LD   R23,Z
                 	MOVW R30,R0
                 	.ENDM
                 
                 	.MACRO __GETB2SX
                 	MOVW R26,R28
                 	SUBI R26,LOW(-@0)
                 	SBCI R27,HIGH(-@0)
                 	LD   R26,X
                 	.ENDM
                 
                 	.MACRO __GETW2SX
                 	MOVW R26,R28
                 	SUBI R26,LOW(-@0)
                 	SBCI R27,HIGH(-@0)
                 	LD   R0,X+
                 	LD   R27,X
                 	MOV  R26,R0
                 	.ENDM
                 
                 	.MACRO __GETD2SX
                 	MOVW R26,R28
                 	SUBI R26,LOW(-@0)
                 	SBCI R27,HIGH(-@0)
                 	LD   R0,X+
                 	LD   R1,X+
                 	LD   R24,X+
                 	LD   R25,X
                 	MOVW R26,R0
                 	.ENDM
                 
                 	.MACRO __GETBRSX
                 	MOVW R30,R28
                 	SUBI R30,LOW(-@1)
                 	SBCI R31,HIGH(-@1)
                 	LD   R@0,Z
                 	.ENDM
                 
                 	.MACRO __GETWRSX
                 	MOVW R30,R28
                 	SUBI R30,LOW(-@2)
                 	SBCI R31,HIGH(-@2)
                 	LD   R@0,Z+
                 	LD   R@1,Z
                 	.ENDM
                 
                 	.MACRO __GETBRSX2
                 	MOVW R26,R28
                 	SUBI R26,LOW(-@1)
                 	SBCI R27,HIGH(-@1)
                 	LD   R@0,X
                 	.ENDM
                 
                 	.MACRO __GETWRSX2
                 	MOVW R26,R28
                 	SUBI R26,LOW(-@2)
                 	SBCI R27,HIGH(-@2)
                 	LD   R@0,X+
                 	LD   R@1,X
                 	.ENDM
                 
                 	.MACRO __LSLW8SX
                 	MOVW R30,R28
                 	SUBI R30,LOW(-@0)
                 	SBCI R31,HIGH(-@0)
                 	LD   R31,Z
                 	CLR  R30
                 	.ENDM
                 
                 	.MACRO __PUTB1SX
                 	MOVW R26,R28
                 	SUBI R26,LOW(-@0)
                 	SBCI R27,HIGH(-@0)
                 	ST   X,R30
                 	.ENDM
                 
                 	.MACRO __PUTW1SX
                 	MOVW R26,R28
                 	SUBI R26,LOW(-@0)
                 	SBCI R27,HIGH(-@0)
                 	ST   X+,R30
                 	ST   X,R31
                 	.ENDM
                 
                 	.MACRO __PUTD1SX
                 	MOVW R26,R28
                 	SUBI R26,LOW(-@0)
                 	SBCI R27,HIGH(-@0)
                 	ST   X+,R30
                 	ST   X+,R31
                 	ST   X+,R22
                 	ST   X,R23
                 	.ENDM
                 
                 	.MACRO __CLRW1SX
                 	MOVW R26,R28
                 	SUBI R26,LOW(-@0)
                 	SBCI R27,HIGH(-@0)
                 	ST   X+,R30
                 	ST   X,R30
                 	.ENDM
                 
                 	.MACRO __CLRD1SX
                 	MOVW R26,R28
                 	SUBI R26,LOW(-@0)
                 	SBCI R27,HIGH(-@0)
                 	ST   X+,R30
                 	ST   X+,R30
                 	ST   X+,R30
                 	ST   X,R30
                 	.ENDM
                 
                 	.MACRO __PUTB2SX
                 	MOVW R30,R28
                 	SUBI R30,LOW(-@0)
                 	SBCI R31,HIGH(-@0)
                 	ST   Z,R26
                 	.ENDM
                 
                 	.MACRO __PUTW2SX
                 	MOVW R30,R28
                 	SUBI R30,LOW(-@0)
                 	SBCI R31,HIGH(-@0)
                 	ST   Z+,R26
                 	ST   Z,R27
                 	.ENDM
                 
                 	.MACRO __PUTD2SX
                 	MOVW R30,R28
                 	SUBI R30,LOW(-@0)
                 	SBCI R31,HIGH(-@0)
                 	ST   Z+,R26
                 	ST   Z+,R27
                 	ST   Z+,R24
                 	ST   Z,R25
                 	.ENDM
                 
                 	.MACRO __PUTBSRX
                 	MOVW R30,R28
                 	SUBI R30,LOW(-@1)
                 	SBCI R31,HIGH(-@1)
                 	ST   Z,R@0
                 	.ENDM
                 
                 	.MACRO __PUTWSRX
                 	MOVW R30,R28
                 	SUBI R30,LOW(-@2)
                 	SBCI R31,HIGH(-@2)
                 	ST   Z+,R@0
                 	ST   Z,R@1
                 	.ENDM
                 
                 	.MACRO __PUTB1SNX
                 	MOVW R26,R28
                 	SUBI R26,LOW(-@0)
                 	SBCI R27,HIGH(-@0)
                 	LD   R0,X+
                 	LD   R27,X
                 	MOV  R26,R0
                 	SUBI R26,LOW(-@1)
                 	SBCI R27,HIGH(-@1)
                 	ST   X,R30
                 	.ENDM
                 
                 	.MACRO __PUTW1SNX
                 	MOVW R26,R28
                 	SUBI R26,LOW(-@0)
                 	SBCI R27,HIGH(-@0)
                 	LD   R0,X+
                 	LD   R27,X
                 	MOV  R26,R0
                 	SUBI R26,LOW(-@1)
                 	SBCI R27,HIGH(-@1)
                 	ST   X+,R30
                 	ST   X,R31
                 	.ENDM
                 
                 	.MACRO __PUTD1SNX
                 	MOVW R26,R28
                 	SUBI R26,LOW(-@0)
                 	SBCI R27,HIGH(-@0)
                 	LD   R0,X+
                 	LD   R27,X
                 	MOV  R26,R0
                 	SUBI R26,LOW(-@1)
                 	SBCI R27,HIGH(-@1)
                 	ST   X+,R30
                 	ST   X+,R31
                 	ST   X+,R22
                 	ST   X,R23
                 	.ENDM
                 
                 ;NAME DEFINITIONS FOR GLOBAL VARIABLES ALLOCATED TO REGISTERS
                 	.DEF _seg0=R3
                 	.DEF _seg1=R2
                 	.DEF _seg2=R5
                 	.DEF _i=R4
                 	.DEF _adc_data=R6
                 	.DEF _in=R8
                 	.DEF _in01=R10
                 	.DEF _in02=R12
                 
                 	.CSEG
                 	.ORG 0x00
                 
                 ;INTERRUPT VECTORS
000000 c012      	RJMP __RESET
000001 cffe      	RJMP 0x00
000002 cffd      	RJMP 0x00
000003 cffc      	RJMP 0x00
000004 cffb      	RJMP 0x00
000005 cffa      	RJMP 0x00
000006 cff9      	RJMP 0x00
000007 cff8      	RJMP 0x00
000008 cff7      	RJMP 0x00
000009 cff6      	RJMP 0x00
00000a cff5      	RJMP 0x00
00000b c024      	RJMP _adc_isr
00000c cff3      	RJMP 0x00
00000d cff2      	RJMP 0x00
00000e cff1      	RJMP 0x00
00000f cff0      	RJMP 0x00
000010 cfef      	RJMP 0x00
000011 cfee      	RJMP 0x00
000012 cfed      	RJMP 0x00
                 
                 __RESET:
000013 94f8      	CLI
000014 27ee      	CLR  R30
000015 bbec      	OUT  EECR,R30
000016 bfe5      	OUT  MCUCR,R30
                 
                 ;DISABLE WATCHDOG
000017 e1f8      	LDI  R31,0x18
000018 95a8      	WDR
000019 b7a4      	IN   R26,MCUSR
00001a 7fa7      	CBR  R26,8
00001b bfa4      	OUT  MCUSR,R26
00001c bdf1      	OUT  WDTCR,R31
00001d bde1      	OUT  WDTCR,R30
                 
                 ;CLEAR R2-R14
00001e e08d      	LDI  R24,(14-2)+1
00001f e0a2      	LDI  R26,2
                 __CLEAR_REG:
000020 93ed      	ST   X+,R30
000021 958a      	DEC  R24
000022 f7e9      	BRNE __CLEAR_REG
                 
                 ;CLEAR SRAM
000023 e880      	LDI  R24,LOW(0x80)
000024 e6a0      	LDI  R26,0x60
                 __CLEAR_SRAM:
000025 93ed      	ST   X+,R30
000026 958a      	DEC  R24
000027 f7e9      	BRNE __CLEAR_SRAM
                 
                 ;GPIOR0-GPIOR2 INITIALIZATION
000028 e0e0      	LDI  R30,0x00
000029 b9ea      	OUT  GPIOR0,R30
00002a b9eb      	OUT  GPIOR1,R30
00002b b9ec      	OUT  GPIOR2,R30
                 
                 ;STACK POINTER INITIALIZATION
00002c edef      	LDI  R30,LOW(0xDF)
00002d bfed      	OUT  SPL,R30
                 
                 ;DATA STACK POINTER INITIALIZATION
00002e e8c0      	LDI  R28,LOW(0x80)
                 
00002f c231      	RJMP _main
                 
                 	.ESEG
                 	.ORG 0
                 
                 	.DSEG
                 	.ORG 0x80
                 
                 	.CSEG
                 ;/*****************************************************
                 ;This program was produced by the
                 ;CodeWizardAVR V2.04.4a Advanced
                 ;Automatic Program Generator
                 ;© Copyright 1998-2009 Pavel Haiduc, HP InfoTech s.r.l.
                 ;http://www.hpinfotech.com
                 ;
                 ;Project :
                 ;Version :
                 ;Date    : 24.01.2012
                 ;Author  : NeVaDa
                 ;Company : MICROSOFT
                 ;Comments:
                 ;
                 ;
                 ;Chip type               : ATtiny26L
                 ;AVR Core Clock frequency: 8,000000 MHz
                 ;Memory model            : Tiny
                 ;External RAM size       : 0
                 ;Data Stack size         : 32
                 ;*****************************************************/
                 ;
                 ;
                 ;
                 ;#include <tiny261.h>
                 	#ifndef __SLEEP_DEFINED__
                 	#define __SLEEP_DEFINED__
                 	.EQU __se_bit=0x20
                 	.EQU __sm_adc_noise_red=0x08
                 	.EQU __sm_mask=0x18
                 	.EQU __sm_powerdown=0x10
                 	.EQU __sm_standby=0x18
                 	.SET power_ctrl_reg=mcucr
                 	#endif
                 ;#include <delay.h>
                 ;
                 ;#define _0 PORTA.7
                 ;#define _1 PORTA.4
                 ;#define _2 PORTA.3
                 ;
                 ;#define _A PORTA.6
                 ;#define _B PORTA.1
                 ;#define _C PORTB.4
                 ;#define _D PORTB.6
                 ;#define _E PORTB.2
                 ;#define _F PORTA.5
                 ;#define _G PORTB.3
                 ;#define _P PORTB.5
                 ;#define ADC_VREF_TYPE 0x00  //0x80
                 ;
                 ;// Declare your global variables here
                 ;unsigned char seg0, seg1, seg2, i;
                 ;unsigned int adc_data;
                 ;unsigned int in;
                 ;unsigned int in01, in02, in03, in04;
                 ;unsigned int in11, in12, in13, in14;
                 ;unsigned int in21, in22, in23, in24;
                 ;
                 ;// ADC interrupt service routine
                 ;interrupt [ADC_INT] void adc_isr(void)
                 ; 0000 0034 {
                 
                 	.CSEG
                 _adc_isr:
                 ; 0000 0035 // Read the AD conversion result
                 ; 0000 0036 adc_data=ADCW;
                +
000030 b064     +IN R6 , 4
000031 b075     +IN R7 , 4 + 1
                 	__INWR 6,7,4
                 ; 0000 0037 }
000032 9518      	RETI
                 ;
                 ;// Read the AD conversion result
                 ;// with noise canceling
                 ;unsigned int read_adc(unsigned char adc_input)
                 ; 0000 003C {
                 _read_adc:
                 ; 0000 003D ADMUX=adc_input | (ADC_VREF_TYPE & 0xff);
                 ;	adc_input -> Y+0
000033 81e8      	LD   R30,Y
000034 b9e7      	OUT  0x7,R30
                 ; 0000 003E // Delay needed for the stabilization of the ADC input voltage
                 ; 0000 003F delay_us(10);
                +
000035 e18b     +LDI R24 , LOW ( 27 )
                +__DELAY_USB_LOOP :
000036 958a     +DEC R24
000037 f7f1     +BRNE __DELAY_USB_LOOP
                 	__DELAY_USB 27
                 ; 0000 0040 #asm
                 ; 0000 0041     in   r30,mcucr
000038 b7e5          in   r30,mcucr
                 ; 0000 0042     cbr  r30,__sm_mask
000039 7ee7          cbr  r30,__sm_mask
                 ; 0000 0043     sbr  r30,__se_bit | __sm_adc_noise_red
00003a 62e8          sbr  r30,__se_bit | __sm_adc_noise_red
                 ; 0000 0044     out  mcucr,r30
00003b bfe5          out  mcucr,r30
                 ; 0000 0045     sleep
00003c 9588          sleep
                 ; 0000 0046     cbr  r30,__se_bit
00003d 7def          cbr  r30,__se_bit
                 ; 0000 0047     out  mcucr,r30
00003e bfe5          out  mcucr,r30
                 ; 0000 0048 #endasm
                 ; 0000 0049 return adc_data;
00003f 01f3      	MOVW R30,R6
000040 9621      	ADIW R28,1
000041 9508      	RET
                 ; 0000 004A }
                 ;
                 ;void codegen (char x, char y)
                 ; 0000 004D {
                 _codegen:
                 ; 0000 004E _0=1, _1=1, _2=1, _P=0;
                 ;	x -> Y+1
                 ;	y -> Y+0
000042 9adf      	SBI  0x1B,7
000043 9adc      	SBI  0x1B,4
000044 9adb      	SBI  0x1B,3
000045 98c5      	CBI  0x18,5
                 ; 0000 004F 
                 ; 0000 0050      if (y==0)  _A=1,_B=1,_C=1,_D=1,_E=1,_F=1,_G=0;
000046 81e8      	LD   R30,Y
000047 30e0      	CPI  R30,0
000048 f429      	BRNE _0xB
000049 d232      	RCALL SUBOPT_0x0
00004a d234      	RCALL SUBOPT_0x1
00004b 9ac2      	SBI  0x18,2
00004c 9add      	SBI  0x1B,5
00004d c051      	RJMP _0x10F
                 ; 0000 0051 else if (y==1)  _A=0,_B=1,_C=1,_D=0,_E=0,_F=0,_G=0;
                 _0xB:
00004e 81a8      	LD   R26,Y
00004f 30a1      	CPI  R26,LOW(0x1)
000050 f421      	BRNE _0x1B
000051 98de      	CBI  0x1B,6
000052 9ad9      	SBI  0x1B,1
000053 9ac4      	SBI  0x18,4
000054 c047      	RJMP _0x110
                 ; 0000 0052 else if (y==2)  _A=1,_B=1,_C=0,_D=1,_E=1,_F=0,_G=1;
                 _0x1B:
000055 81a8      	LD   R26,Y
000056 30a2      	CPI  R26,LOW(0x2)
000057 f439      	BRNE _0x2B
000058 d223      	RCALL SUBOPT_0x0
000059 98c4      	CBI  0x18,4
00005a 9ac6      	SBI  0x18,6
00005b 9ac2      	SBI  0x18,2
00005c 98dd      	CBI  0x1B,5
00005d 9ac3      	SBI  0x18,3
                 ; 0000 0053 else if (y==3)  _A=1,_B=1,_C=1,_D=1,_E=0,_F=0,_G=1;
00005e c041      	RJMP _0x3A
                 _0x2B:
00005f 81a8      	LD   R26,Y
000060 30a3      	CPI  R26,LOW(0x3)
000061 f431      	BRNE _0x3B
000062 d219      	RCALL SUBOPT_0x0
000063 d21b      	RCALL SUBOPT_0x1
000064 98c2      	CBI  0x18,2
000065 98dd      	CBI  0x1B,5
000066 9ac3      	SBI  0x18,3
                 ; 0000 0054 else if (y==4)  _A=0,_B=1,_C=1,_D=0,_E=0,_F=1,_G=1;
000067 c038      	RJMP _0x4A
                 _0x3B:
000068 81a8      	LD   R26,Y
000069 30a4      	CPI  R26,LOW(0x4)
00006a f431      	BRNE _0x4B
00006b 98de      	CBI  0x1B,6
00006c 9ad9      	SBI  0x1B,1
00006d 9ac4      	SBI  0x18,4
00006e 98c6      	CBI  0x18,6
00006f d212      	RCALL SUBOPT_0x2
                 ; 0000 0055 else if (y==5)  _A=1,_B=0,_C=1,_D=1,_E=0,_F=1,_G=1;
000070 c02f      	RJMP _0x5A
                 _0x4B:
000071 81a8      	LD   R26,Y
000072 30a5      	CPI  R26,LOW(0x5)
000073 f429      	BRNE _0x5B
000074 9ade      	SBI  0x1B,6
000075 98d9      	CBI  0x1B,1
000076 d208      	RCALL SUBOPT_0x1
000077 d20a      	RCALL SUBOPT_0x2
                 ; 0000 0056 else if (y==6)  _A=1,_B=0,_C=1,_D=1,_E=1,_F=1,_G=1;
000078 c027      	RJMP _0x6A
                 _0x5B:
000079 81a8      	LD   R26,Y
00007a 30a6      	CPI  R26,LOW(0x6)
00007b f439      	BRNE _0x6B
00007c 9ade      	SBI  0x1B,6
00007d 98d9      	CBI  0x1B,1
00007e d200      	RCALL SUBOPT_0x1
00007f 9ac2      	SBI  0x18,2
000080 9add      	SBI  0x1B,5
000081 9ac3      	SBI  0x18,3
                 ; 0000 0057 else if (y==7)  _A=1,_B=1,_C=1,_D=0,_E=0,_F=0,_G=0;
000082 c01d      	RJMP _0x7A
                 _0x6B:
000083 81a8      	LD   R26,Y
000084 30a7      	CPI  R26,LOW(0x7)
000085 f419      	BRNE _0x7B
000086 d1f5      	RCALL SUBOPT_0x0
000087 9ac4      	SBI  0x18,4
000088 c013      	RJMP _0x110
                 ; 0000 0058 else if (y==8)  _A=1,_B=1,_C=1,_D=1,_E=1,_F=1,_G=1;
                 _0x7B:
000089 81a8      	LD   R26,Y
00008a 30a8      	CPI  R26,LOW(0x8)
00008b f431      	BRNE _0x8B
00008c d1ef      	RCALL SUBOPT_0x0
00008d d1f1      	RCALL SUBOPT_0x1
00008e 9ac2      	SBI  0x18,2
00008f 9add      	SBI  0x1B,5
000090 9ac3      	SBI  0x18,3
                 ; 0000 0059 else if (y==9)  _A=1,_B=1,_C=1,_D=1,_E=0,_F=1,_G=1;
000091 c00e      	RJMP _0x9A
                 _0x8B:
000092 81a8      	LD   R26,Y
000093 30a9      	CPI  R26,LOW(0x9)
000094 f421      	BRNE _0x9B
000095 d1e6      	RCALL SUBOPT_0x0
000096 d1e8      	RCALL SUBOPT_0x1
000097 d1ea      	RCALL SUBOPT_0x2
                 ; 0000 005A else            _A=0,_B=0,_C=0,_D=0,_E=0,_F=0,_G=0;
000098 c007      	RJMP _0xAA
                 _0x9B:
000099 98de      	CBI  0x1B,6
00009a 98d9      	CBI  0x1B,1
00009b 98c4      	CBI  0x18,4
                 _0x110:
00009c 98c6      	CBI  0x18,6
00009d 98c2      	CBI  0x18,2
00009e 98dd      	CBI  0x1B,5
                 _0x10F:
00009f 98c3      	CBI  0x18,3
                 ; 0000 005B 
                 ; 0000 005C if (x==0) _0=0, _1=1, _2=1, _P=0;
                 _0xAA:
                 _0x9A:
                 _0x7A:
                 _0x6A:
                 _0x5A:
                 _0x4A:
                 _0x3A:
0000a0 81e9      	LDD  R30,Y+1
0000a1 30e0      	CPI  R30,0
0000a2 f421      	BRNE _0xB9
0000a3 98df      	CBI  0x1B,7
0000a4 9adc      	SBI  0x1B,4
0000a5 9adb      	SBI  0x1B,3
0000a6 98c5      	CBI  0x18,5
                 ; 0000 005D if (x==1) _0=1, _1=0, _2=1, _P=1;
                 _0xB9:
0000a7 81a9      	LDD  R26,Y+1
0000a8 30a1      	CPI  R26,LOW(0x1)
0000a9 f421      	BRNE _0xC2
0000aa 9adf      	SBI  0x1B,7
0000ab 98dc      	CBI  0x1B,4
0000ac 9adb      	SBI  0x1B,3
0000ad 9ac5      	SBI  0x18,5
                 ; 0000 005E if (x==2) _0=1, _1=1, _2=0, _P=0;
                 _0xC2:
0000ae 81a9      	LDD  R26,Y+1
0000af 30a2      	CPI  R26,LOW(0x2)
0000b0 f421      	BRNE _0xCB
0000b1 9adf      	SBI  0x1B,7
0000b2 9adc      	SBI  0x1B,4
0000b3 98db      	CBI  0x1B,3
0000b4 98c5      	CBI  0x18,5
                 ; 0000 005F 
                 ; 0000 0060 delay_us(100);
                 _0xCB:
                +
0000b5 ec88     +LDI R24 , LOW ( 200 )
0000b6 e090     +LDI R25 , HIGH ( 200 )
                +__DELAY_USW_LOOP :
0000b7 9701     +SBIW R24 , 1
0000b8 f7f1     +BRNE __DELAY_USW_LOOP
                 	__DELAY_USW 200
                 ; 0000 0061 
                 ; 0000 0062 }
0000b9 c17c      	RJMP _0x2000001
                 ;
                 ;void read()
                 ; 0000 0065 {
                 _read:
                 ; 0000 0066 in01 = in02;
0000ba 0156      	MOVW R10,R12
                 ; 0000 0067 in02 = in03;
                +
0000bb 90c0 0080+LDS R12 , 0 + ( _in03 )
0000bd 90d0 0081+LDS R13 , 0 + ( _in03 ) + 1
                 	__GETWRMN 12,13,0,_in03
                 ; 0000 0068 in03 = in04;
0000bf 91e0 0082 	LDS  R30,_in04
0000c1 91f0 0083 	LDS  R31,_in04+1
0000c3 93e0 0080 	STS  _in03,R30
0000c5 93f0 0081 	STS  _in03+1,R31
                 ; 0000 0069 in04 = in11;
0000c7 91e0 0084 	LDS  R30,_in11
0000c9 91f0 0085 	LDS  R31,_in11+1
0000cb 93e0 0082 	STS  _in04,R30
0000cd 93f0 0083 	STS  _in04+1,R31
                 ; 0000 006A in11 = in12;
0000cf 91e0 0086 	LDS  R30,_in12
0000d1 91f0 0087 	LDS  R31,_in12+1
0000d3 93e0 0084 	STS  _in11,R30
0000d5 93f0 0085 	STS  _in11+1,R31
                 ; 0000 006B in12 = in13;
0000d7 91e0 0088 	LDS  R30,_in13
0000d9 91f0 0089 	LDS  R31,_in13+1
0000db 93e0 0086 	STS  _in12,R30
0000dd 93f0 0087 	STS  _in12+1,R31
                 ; 0000 006C in13 = in14;
0000df 91e0 008a 	LDS  R30,_in14
0000e1 91f0 008b 	LDS  R31,_in14+1
0000e3 93e0 0088 	STS  _in13,R30
0000e5 93f0 0089 	STS  _in13+1,R31
                 ; 0000 006D in14 = in21;
0000e7 91e0 008c 	LDS  R30,_in21
0000e9 91f0 008d 	LDS  R31,_in21+1
0000eb 93e0 008a 	STS  _in14,R30
0000ed 93f0 008b 	STS  _in14+1,R31
                 ; 0000 006E in21 = in22;
0000ef 91e0 008e 	LDS  R30,_in22
0000f1 91f0 008f 	LDS  R31,_in22+1
0000f3 93e0 008c 	STS  _in21,R30
0000f5 93f0 008d 	STS  _in21+1,R31
                 ; 0000 006F in22 = in23;
0000f7 91e0 0090 	LDS  R30,_in23
0000f9 91f0 0091 	LDS  R31,_in23+1
0000fb 93e0 008e 	STS  _in22,R30
0000fd 93f0 008f 	STS  _in22+1,R31
                 ; 0000 0070 in23 = in24;
0000ff 91e0 0092 	LDS  R30,_in24
000101 91f0 0093 	LDS  R31,_in24+1
000103 93e0 0090 	STS  _in23,R30
000105 93f0 0091 	STS  _in23+1,R31
                 ; 0000 0071 in24 = read_adc(0);
000107 d17e      	RCALL SUBOPT_0x3
000108 df2a      	RCALL _read_adc
000109 93e0 0092 	STS  _in24,R30
00010b 93f0 0093 	STS  _in24+1,R31
                 ; 0000 0072 in = (in01+in02+in03+in04+in11+in12+in13+in14+in21+in22+in23+in24)/35;  //1024bit=50,0Volt
00010d 01f6      	MOVW R30,R12
00010e 0dea      	ADD  R30,R10
00010f 1dfb      	ADC  R31,R11
000110 91a0 0080 	LDS  R26,_in03
000112 91b0 0081 	LDS  R27,_in03+1
000114 d174      	RCALL SUBOPT_0x4
000115 91a0 0082 	LDS  R26,_in04
000117 91b0 0083 	LDS  R27,_in04+1
000119 d16f      	RCALL SUBOPT_0x4
00011a 91a0 0084 	LDS  R26,_in11
00011c 91b0 0085 	LDS  R27,_in11+1
00011e d16a      	RCALL SUBOPT_0x4
00011f 91a0 0086 	LDS  R26,_in12
000121 91b0 0087 	LDS  R27,_in12+1
000123 d165      	RCALL SUBOPT_0x4
000124 91a0 0088 	LDS  R26,_in13
000126 91b0 0089 	LDS  R27,_in13+1
000128 d160      	RCALL SUBOPT_0x4
000129 91a0 008a 	LDS  R26,_in14
00012b 91b0 008b 	LDS  R27,_in14+1
00012d d15b      	RCALL SUBOPT_0x4
00012e 91a0 008c 	LDS  R26,_in21
000130 91b0 008d 	LDS  R27,_in21+1
000132 d156      	RCALL SUBOPT_0x4
000133 91a0 008e 	LDS  R26,_in22
000135 91b0 008f 	LDS  R27,_in22+1
000137 d151      	RCALL SUBOPT_0x4
000138 91a0 0090 	LDS  R26,_in23
00013a 91b0 0091 	LDS  R27,_in23+1
00013c d14c      	RCALL SUBOPT_0x4
00013d 91a0 0092 	LDS  R26,_in24
00013f 91b0 0093 	LDS  R27,_in24+1
000141 0fae      	ADD  R26,R30
000142 1fbf      	ADC  R27,R31
000143 e2e3      	LDI  R30,LOW(35)
000144 e0f0      	LDI  R31,HIGH(35)
000145 d15c      	RCALL __DIVW21U
000146 014f      	MOVW R8,R30
                 ; 0000 0073 }
000147 9508      	RET
                 ;
                 ;void preobr(unsigned int x)
                 ; 0000 0076 {
                 _preobr:
                 ; 0000 0077      if (x >= 900)   seg0=9, x=x - 900;
                 ;	x -> Y+0
000148 d143      	RCALL SUBOPT_0x5
000149 38a4      	CPI  R26,LOW(0x384)
00014a e0e3      	LDI  R30,HIGH(0x384)
00014b 07be      	CPC  R27,R30
00014c f030      	BRLO _0xD4
00014d e0e9      	LDI  R30,LOW(9)
00014e d140      	RCALL SUBOPT_0x6
00014f 58e4      	SUBI R30,LOW(900)
000150 40f3      	SBCI R31,HIGH(900)
000151 d141      	RCALL SUBOPT_0x7
                 ; 0000 0078 else if (x >= 800)   seg0=8, x=x - 800;
000152 c05a      	RJMP _0xD5
                 _0xD4:
000153 d138      	RCALL SUBOPT_0x5
000154 32a0      	CPI  R26,LOW(0x320)
000155 e0e3      	LDI  R30,HIGH(0x320)
000156 07be      	CPC  R27,R30
000157 f030      	BRLO _0xD6
000158 e0e8      	LDI  R30,LOW(8)
000159 d135      	RCALL SUBOPT_0x6
00015a 52e0      	SUBI R30,LOW(800)
00015b 40f3      	SBCI R31,HIGH(800)
00015c d136      	RCALL SUBOPT_0x7
                 ; 0000 0079 else if (x >= 700)   seg0=7, x=x - 700;
00015d c04f      	RJMP _0xD7
                 _0xD6:
00015e d12d      	RCALL SUBOPT_0x5
00015f 3bac      	CPI  R26,LOW(0x2BC)
000160 e0e2      	LDI  R30,HIGH(0x2BC)
000161 07be      	CPC  R27,R30
000162 f030      	BRLO _0xD8
000163 e0e7      	LDI  R30,LOW(7)
000164 d12a      	RCALL SUBOPT_0x6
000165 5bec      	SUBI R30,LOW(700)
000166 40f2      	SBCI R31,HIGH(700)
000167 d12b      	RCALL SUBOPT_0x7
                 ; 0000 007A else if (x >= 600)   seg0=6, x=x - 600;
000168 c044      	RJMP _0xD9
                 _0xD8:
000169 d122      	RCALL SUBOPT_0x5
00016a 35a8      	CPI  R26,LOW(0x258)
00016b e0e2      	LDI  R30,HIGH(0x258)
00016c 07be      	CPC  R27,R30
00016d f030      	BRLO _0xDA
00016e e0e6      	LDI  R30,LOW(6)
00016f d11f      	RCALL SUBOPT_0x6
000170 55e8      	SUBI R30,LOW(600)
000171 40f2      	SBCI R31,HIGH(600)
000172 d120      	RCALL SUBOPT_0x7
                 ; 0000 007B else if (x >= 500)   seg0=5, x=x - 500;
000173 c039      	RJMP _0xDB
                 _0xDA:
000174 d117      	RCALL SUBOPT_0x5
000175 3fa4      	CPI  R26,LOW(0x1F4)
000176 e0e1      	LDI  R30,HIGH(0x1F4)
000177 07be      	CPC  R27,R30
000178 f030      	BRLO _0xDC
000179 e0e5      	LDI  R30,LOW(5)
00017a d114      	RCALL SUBOPT_0x6
00017b 5fe4      	SUBI R30,LOW(500)
00017c 40f1      	SBCI R31,HIGH(500)
00017d d115      	RCALL SUBOPT_0x7
                 ; 0000 007C else if (x >= 400)   seg0=4, x=x - 400;
00017e c02e      	RJMP _0xDD
                 _0xDC:
00017f d10c      	RCALL SUBOPT_0x5
000180 39a0      	CPI  R26,LOW(0x190)
000181 e0e1      	LDI  R30,HIGH(0x190)
000182 07be      	CPC  R27,R30
000183 f030      	BRLO _0xDE
000184 e0e4      	LDI  R30,LOW(4)
000185 d109      	RCALL SUBOPT_0x6
000186 59e0      	SUBI R30,LOW(400)
000187 40f1      	SBCI R31,HIGH(400)
000188 d10a      	RCALL SUBOPT_0x7
                 ; 0000 007D else if (x >= 300)   seg0=3, x=x - 300;
000189 c023      	RJMP _0xDF
                 _0xDE:
00018a d101      	RCALL SUBOPT_0x5
00018b 32ac      	CPI  R26,LOW(0x12C)
00018c e0e1      	LDI  R30,HIGH(0x12C)
00018d 07be      	CPC  R27,R30
00018e f030      	BRLO _0xE0
00018f e0e3      	LDI  R30,LOW(3)
000190 d0fe      	RCALL SUBOPT_0x6
000191 52ec      	SUBI R30,LOW(300)
000192 40f1      	SBCI R31,HIGH(300)
000193 d0ff      	RCALL SUBOPT_0x7
                 ; 0000 007E else if (x >= 200)   seg0=2, x=x - 200;
000194 c018      	RJMP _0xE1
                 _0xE0:
000195 d0f6      	RCALL SUBOPT_0x5
000196 3ca8      	CPI  R26,LOW(0xC8)
000197 e0e0      	LDI  R30,HIGH(0xC8)
000198 07be      	CPC  R27,R30
000199 f030      	BRLO _0xE2
00019a e0e2      	LDI  R30,LOW(2)
00019b d0f3      	RCALL SUBOPT_0x6
00019c 5ce8      	SUBI R30,LOW(200)
00019d 40f0      	SBCI R31,HIGH(200)
00019e d0f4      	RCALL SUBOPT_0x7
                 ; 0000 007F else if (x >= 100)   seg0=1, x=x - 100;
00019f c00d      	RJMP _0xE3
                 _0xE2:
0001a0 d0eb      	RCALL SUBOPT_0x5
0001a1 36a4      	CPI  R26,LOW(0x64)
0001a2 e0e0      	LDI  R30,HIGH(0x64)
0001a3 07be      	CPC  R27,R30
0001a4 f030      	BRLO _0xE4
0001a5 e0e1      	LDI  R30,LOW(1)
0001a6 d0e8      	RCALL SUBOPT_0x6
0001a7 56e4      	SUBI R30,LOW(100)
0001a8 40f0      	SBCI R31,HIGH(100)
0001a9 d0e9      	RCALL SUBOPT_0x7
                 ; 0000 0080 else                 seg0=10;
0001aa c002      	RJMP _0xE5
                 _0xE4:
0001ab e0ea      	LDI  R30,LOW(10)
0001ac 2e3e      	MOV  R3,R30
                 ; 0000 0081 
                 ; 0000 0082 if      (x >= 90)    seg1=9, x=x-90;
                 _0xE5:
                 _0xE3:
                 _0xE1:
                 _0xDF:
                 _0xDD:
                 _0xDB:
                 _0xD9:
                 _0xD7:
                 _0xD5:
0001ad d0de      	RCALL SUBOPT_0x5
0001ae 35aa      	CPI  R26,LOW(0x5A)
0001af e0e0      	LDI  R30,HIGH(0x5A)
0001b0 07be      	CPC  R27,R30
0001b1 f030      	BRLO _0xE6
0001b2 e0e9      	LDI  R30,LOW(9)
0001b3 d0e2      	RCALL SUBOPT_0x8
0001b4 55ea      	SUBI R30,LOW(90)
0001b5 40f0      	SBCI R31,HIGH(90)
0001b6 d0dc      	RCALL SUBOPT_0x7
                 ; 0000 0083 else if (x >= 80)    seg1=8, x=x-80;
0001b7 c047      	RJMP _0xE7
                 _0xE6:
0001b8 d0d3      	RCALL SUBOPT_0x5
0001b9 35a0      	CPI  R26,LOW(0x50)
0001ba e0e0      	LDI  R30,HIGH(0x50)
0001bb 07be      	CPC  R27,R30
0001bc f030      	BRLO _0xE8
0001bd e0e8      	LDI  R30,LOW(8)
0001be d0d7      	RCALL SUBOPT_0x8
0001bf 55e0      	SUBI R30,LOW(80)
0001c0 40f0      	SBCI R31,HIGH(80)
0001c1 d0d1      	RCALL SUBOPT_0x7
                 ; 0000 0084 else if (x >= 70)    seg1=7, x=x-70;
0001c2 c03c      	RJMP _0xE9
                 _0xE8:
0001c3 d0c8      	RCALL SUBOPT_0x5
0001c4 34a6      	CPI  R26,LOW(0x46)
0001c5 e0e0      	LDI  R30,HIGH(0x46)
0001c6 07be      	CPC  R27,R30
0001c7 f030      	BRLO _0xEA
0001c8 e0e7      	LDI  R30,LOW(7)
0001c9 d0cc      	RCALL SUBOPT_0x8
0001ca 54e6      	SUBI R30,LOW(70)
0001cb 40f0      	SBCI R31,HIGH(70)
0001cc d0c6      	RCALL SUBOPT_0x7
                 ; 0000 0085 else if (x >= 60)    seg1=6, x=x-60;
0001cd c031      	RJMP _0xEB
                 _0xEA:
0001ce d0bd      	RCALL SUBOPT_0x5
0001cf 97dc      	SBIW R26,60
0001d0 f028      	BRLO _0xEC
0001d1 e0e6      	LDI  R30,LOW(6)
0001d2 d0c3      	RCALL SUBOPT_0x8
0001d3 97fc      	SBIW R30,60
0001d4 d0be      	RCALL SUBOPT_0x7
                 ; 0000 0086 else if (x >= 50)    seg1=5, x=x-50;
0001d5 c029      	RJMP _0xED
                 _0xEC:
0001d6 d0b5      	RCALL SUBOPT_0x5
0001d7 97d2      	SBIW R26,50
0001d8 f028      	BRLO _0xEE
0001d9 e0e5      	LDI  R30,LOW(5)
0001da d0bb      	RCALL SUBOPT_0x8
0001db 97f2      	SBIW R30,50
0001dc d0b6      	RCALL SUBOPT_0x7
                 ; 0000 0087 else if (x >= 40)    seg1=4, x=x-40;
0001dd c021      	RJMP _0xEF
                 _0xEE:
0001de d0ad      	RCALL SUBOPT_0x5
0001df 9798      	SBIW R26,40
0001e0 f028      	BRLO _0xF0
0001e1 e0e4      	LDI  R30,LOW(4)
0001e2 d0b3      	RCALL SUBOPT_0x8
0001e3 97b8      	SBIW R30,40
0001e4 d0ae      	RCALL SUBOPT_0x7
                 ; 0000 0088 else if (x >= 30)    seg1=3, x=x-30;
0001e5 c019      	RJMP _0xF1
                 _0xF0:
0001e6 d0a5      	RCALL SUBOPT_0x5
0001e7 975e      	SBIW R26,30
0001e8 f028      	BRLO _0xF2
0001e9 e0e3      	LDI  R30,LOW(3)
0001ea d0ab      	RCALL SUBOPT_0x8
0001eb 977e      	SBIW R30,30
0001ec d0a6      	RCALL SUBOPT_0x7
                 ; 0000 0089 else if (x >= 20)    seg1=2, x=x-20;
0001ed c011      	RJMP _0xF3
                 _0xF2:
0001ee d09d      	RCALL SUBOPT_0x5
0001ef 9754      	SBIW R26,20
0001f0 f028      	BRLO _0xF4
0001f1 e0e2      	LDI  R30,LOW(2)
0001f2 d0a3      	RCALL SUBOPT_0x8
0001f3 9774      	SBIW R30,20
0001f4 d09e      	RCALL SUBOPT_0x7
                 ; 0000 008A else if (x >= 10)    seg1=1, x=x-10;
0001f5 c009      	RJMP _0xF5
                 _0xF4:
0001f6 d095      	RCALL SUBOPT_0x5
0001f7 971a      	SBIW R26,10
0001f8 f028      	BRLO _0xF6
0001f9 e0e1      	LDI  R30,LOW(1)
0001fa d09b      	RCALL SUBOPT_0x8
0001fb 973a      	SBIW R30,10
0001fc d096      	RCALL SUBOPT_0x7
                 ; 0000 008B else                 seg1=0;
0001fd c001      	RJMP _0xF7
                 _0xF6:
0001fe 2422      	CLR  R2
                 ; 0000 008C 
                 ; 0000 008D if      (x == 9)     seg2=9;
                 _0xF7:
                 _0xF5:
                 _0xF3:
                 _0xF1:
                 _0xEF:
                 _0xED:
                 _0xEB:
                 _0xE9:
                 _0xE7:
0001ff d08c      	RCALL SUBOPT_0x5
000200 9719      	SBIW R26,9
000201 f419      	BRNE _0xF8
000202 e0e9      	LDI  R30,LOW(9)
000203 2e5e      	MOV  R5,R30
                 ; 0000 008E else if (x == 8)     seg2=8;
000204 c031      	RJMP _0xF9
                 _0xF8:
000205 d086      	RCALL SUBOPT_0x5
000206 9718      	SBIW R26,8
000207 f419      	BRNE _0xFA
000208 e0e8      	LDI  R30,LOW(8)
000209 2e5e      	MOV  R5,R30
                 ; 0000 008F else if (x == 7)     seg2=7;
00020a c02b      	RJMP _0xFB
                 _0xFA:
00020b d080      	RCALL SUBOPT_0x5
00020c 9717      	SBIW R26,7
00020d f419      	BRNE _0xFC
00020e e0e7      	LDI  R30,LOW(7)
00020f 2e5e      	MOV  R5,R30
                 ; 0000 0090 else if (x == 6)     seg2=6;
000210 c025      	RJMP _0xFD
                 _0xFC:
000211 d07a      	RCALL SUBOPT_0x5
000212 9716      	SBIW R26,6
000213 f419      	BRNE _0xFE
000214 e0e6      	LDI  R30,LOW(6)
000215 2e5e      	MOV  R5,R30
                 ; 0000 0091 else if (x == 5)     seg2=5;
000216 c01f      	RJMP _0xFF
                 _0xFE:
000217 d074      	RCALL SUBOPT_0x5
000218 9715      	SBIW R26,5
000219 f419      	BRNE _0x100
00021a e0e5      	LDI  R30,LOW(5)
00021b 2e5e      	MOV  R5,R30
                 ; 0000 0092 else if (x == 4)     seg2=4;
00021c c019      	RJMP _0x101
                 _0x100:
00021d d06e      	RCALL SUBOPT_0x5
00021e 9714      	SBIW R26,4
00021f f419      	BRNE _0x102
000220 e0e4      	LDI  R30,LOW(4)
000221 2e5e      	MOV  R5,R30
                 ; 0000 0093 else if (x == 3)     seg2=3;
000222 c013      	RJMP _0x103
                 _0x102:
000223 d068      	RCALL SUBOPT_0x5
000224 9713      	SBIW R26,3
000225 f419      	BRNE _0x104
000226 e0e3      	LDI  R30,LOW(3)
000227 2e5e      	MOV  R5,R30
                 ; 0000 0094 else if (x == 2)     seg2=2;
000228 c00d      	RJMP _0x105
                 _0x104:
000229 d062      	RCALL SUBOPT_0x5
00022a 9712      	SBIW R26,2
00022b f419      	BRNE _0x106
00022c e0e2      	LDI  R30,LOW(2)
00022d 2e5e      	MOV  R5,R30
                 ; 0000 0095 else if (x == 1)     seg2=1;
00022e c007      	RJMP _0x107
                 _0x106:
00022f d05c      	RCALL SUBOPT_0x5
000230 9711      	SBIW R26,1
000231 f419      	BRNE _0x108
000232 e0e1      	LDI  R30,LOW(1)
000233 2e5e      	MOV  R5,R30
                 ; 0000 0096 else                 seg2=0;
000234 c001      	RJMP _0x109
                 _0x108:
000235 2455      	CLR  R5
                 ; 0000 0097 }
                 _0x109:
                 _0x107:
                 _0x105:
                 _0x103:
                 _0x101:
                 _0xFF:
                 _0xFD:
                 _0xFB:
                 _0xF9:
                 _0x2000001:
000236 9622      	ADIW R28,2
000237 9508      	RET
                 ;
                 ;void start()
                 ; 0000 009A {
                 _start:
                 ; 0000 009B // Input/Output Ports initialization
                 ; 0000 009C // Port A initialization
                 ; 0000 009D // Func7=Out Func6=Out Func5=Out Func4=Out Func3=Out Func2=In Func1=Out Func0=In
                 ; 0000 009E // State7=0 State6=0 State5=0 State4=0 State3=0 State2=T State1=0 State0=T
                 ; 0000 009F PORTA=0x00;
000238 e0e0      	LDI  R30,LOW(0)
000239 bbeb      	OUT  0x1B,R30
                 ; 0000 00A0 DDRA=0xFA;
00023a efea      	LDI  R30,LOW(250)
00023b bbea      	OUT  0x1A,R30
                 ; 0000 00A1 
                 ; 0000 00A2 // Port B initialization
                 ; 0000 00A3 // Func7=In Func6=Out Func5=Out Func4=Out Func3=Out Func2=Out Func1=In Func0=In
                 ; 0000 00A4 // State7=T State6=0 State5=0 State4=0 State3=0 State2=0 State1=T State0=T
                 ; 0000 00A5 PORTB=0x00;
00023c e0e0      	LDI  R30,LOW(0)
00023d bbe8      	OUT  0x18,R30
                 ; 0000 00A6 DDRB=0x7C;
00023e e7ec      	LDI  R30,LOW(124)
00023f bbe7      	OUT  0x17,R30
                 ; 0000 00A7 
                 ; 0000 00A8 // Timer/Counter 0 initialization
                 ; 0000 00A9 // Clock source: System Clock
                 ; 0000 00AA // Clock value: Timer 0 Stopped
                 ; 0000 00AB // Mode: 8bit top=0xFF
                 ; 0000 00AC TCCR0A=0x00;
000240 e0e0      	LDI  R30,LOW(0)
000241 bbe5      	OUT  0x15,R30
                 ; 0000 00AD TCCR0B=0x00;
000242 bfe3      	OUT  0x33,R30
                 ; 0000 00AE TCNT0H=0x00;
000243 bbe4      	OUT  0x14,R30
                 ; 0000 00AF TCNT0L=0x00;
000244 bfe2      	OUT  0x32,R30
                 ; 0000 00B0 OCR0A=0x00;
000245 bbe3      	OUT  0x13,R30
                 ; 0000 00B1 OCR0B=0x00;
000246 bbe2      	OUT  0x12,R30
                 ; 0000 00B2 
                 ; 0000 00B3 // Timer/Counter 1 initialization
                 ; 0000 00B4 // Clock source: System Clock
                 ; 0000 00B5 // Clock value: Timer1 Stopped
                 ; 0000 00B6 // Mode: Normal top=FFh
                 ; 0000 00B7 // OC1A output: Disconnected
                 ; 0000 00B8 // OC1B output: Disconnected
                 ; 0000 00B9 // Timer1 Overflow Interrupt: Off
                 ; 0000 00BA // Compare A Match Interrupt: Off
                 ; 0000 00BB // Compare B Match Interrupt: Off
                 ; 0000 00BC PLLCSR=0x00;
000247 bde9      	OUT  0x29,R30
                 ; 0000 00BD 
                 ; 0000 00BE TCCR1A=0x00;
000248 bfe0      	OUT  0x30,R30
                 ; 0000 00BF TCCR1B=0x00;
000249 bdef      	OUT  0x2F,R30
                 ; 0000 00C0 TCNT1=0x00;
00024a bdee      	OUT  0x2E,R30
                 ; 0000 00C1 OCR1A=0x00;
00024b bded      	OUT  0x2D,R30
                 ; 0000 00C2 OCR1B=0x00;
00024c bdec      	OUT  0x2C,R30
                 ; 0000 00C3 OCR1C=0x00;
00024d bdeb      	OUT  0x2B,R30
                 ; 0000 00C4 
                 ; 0000 00C5 // External Interrupt(s) initialization
                 ; 0000 00C6 // INT0: Off
                 ; 0000 00C7 // Interrupt on any change on pins PA3, PA6, PA7 and PB4-7: Off
                 ; 0000 00C8 // Interrupt on any change on pins PB0-3: Off
                 ; 0000 00C9 GIMSK=0x00;
00024e bfeb      	OUT  0x3B,R30
                 ; 0000 00CA MCUCR=0x00;
00024f bfe5      	OUT  0x35,R30
                 ; 0000 00CB 
                 ; 0000 00CC // Timer(s)/Counter(s) Interrupt(s) initialization
                 ; 0000 00CD TIMSK=0x00;
000250 bfe9      	OUT  0x39,R30
                 ; 0000 00CE 
                 ; 0000 00CF // Universal Serial Interface initialization
                 ; 0000 00D0 // Mode: Disabled
                 ; 0000 00D1 // Clock source: Register & Counter=no clk.
                 ; 0000 00D2 // USI Counter Overflow Interrupt: Off
                 ; 0000 00D3 USICR=0x00;
000251 b9ed      	OUT  0xD,R30
                 ; 0000 00D4 
                 ; 0000 00D5 // Analog Comparator initialization
                 ; 0000 00D6 // Analog Comparator: Off
                 ; 0000 00D7 ACSRA=0x80;
000252 e8e0      	LDI  R30,LOW(128)
000253 b9e8      	OUT  0x8,R30
                 ; 0000 00D8 // Hysterezis level: 0 mV
                 ; 0000 00D9 ACSRB=0x00;
000254 e0e0      	LDI  R30,LOW(0)
000255 b9e9      	OUT  0x9,R30
                 ; 0000 00DA DIDR1=0x00;
000256 b9e2      	OUT  0x2,R30
                 ; 0000 00DB 
                 ; 0000 00DC // ADC initialization
                 ; 0000 00DD // ADC Clock frequency: 125,000 kHz
                 ; 0000 00DE // ADC Voltage Reference: AVCC pin
                 ; 0000 00DF // ADC Bipolar Input Mode: Off
                 ; 0000 00E0 // ADC Auto Trigger Source: None
                 ; 0000 00E1 // Digital input buffers on ADC0: On, ADC1: Off, ADC2: Off, Aref: Off
                 ; 0000 00E2 // ADC3: Off, ADC4: Off, ADC5: Off, ADC6: Off
                 ; 0000 00E3 DIDR0=0x00;
000257 b9e1      	OUT  0x1,R30
                 ; 0000 00E4 // Digital input buffers on ADC7: Off, ADC8: Off, ADC9: Off, ADC10: Off
                 ; 0000 00E5 DIDR1=0x00;
000258 b9e2      	OUT  0x2,R30
                 ; 0000 00E6 ADMUX=ADC_VREF_TYPE & 0xff;
000259 b9e7      	OUT  0x7,R30
                 ; 0000 00E7 ADCSRA=0x8E;
00025a e8ee      	LDI  R30,LOW(142)
00025b b9e6      	OUT  0x6,R30
                 ; 0000 00E8 ADCSRB&=0x7F;
00025c 981f      	CBI  0x3,7
                 ; 0000 00E9 ADCSRB|=0x00 | ((ADC_VREF_TYPE & 0x100) >> 4);
00025d b1e3      	IN   R30,0x3
00025e b9e3      	OUT  0x3,R30
                 ; 0000 00EA 
                 ; 0000 00EB // Global enable interrupts
                 ; 0000 00EC #asm("sei")
00025f 9478      	sei
                 ; 0000 00ED }
000260 9508      	RET
                 ;
                 ;void main(void)
                 ; 0000 00F0 {
                 _main:
                 ; 0000 00F1 // Declare your local variables here
                 ; 0000 00F2 
                 ; 0000 00F3 start();
000261 dfd6      	RCALL _start
                 ; 0000 00F4 
                 ; 0000 00F5 while (1)
                 _0x10A:
                 ; 0000 00F6       {
                 ; 0000 00F7       // Place your code here
                 ; 0000 00F8       read();
000262 de57      	RCALL _read
                 ; 0000 00F9       codegen(1,seg1);
000263 d036      	RCALL SUBOPT_0x9
                 ; 0000 00FA       codegen(0,seg0);
000264 d021      	RCALL SUBOPT_0x3
000265 923a      	ST   -Y,R3
000266 dddb      	RCALL _codegen
                 ; 0000 00FB       codegen(2,seg2);
000267 d036      	RCALL SUBOPT_0xA
                 ; 0000 00FC 
                 ; 0000 00FD       codegen(1,seg1);
000268 d031      	RCALL SUBOPT_0x9
                 ; 0000 00FE       codegen(2,seg2);
000269 d034      	RCALL SUBOPT_0xA
                 ; 0000 00FF       codegen(0,seg0);
00026a d01b      	RCALL SUBOPT_0x3
00026b 923a      	ST   -Y,R3
00026c ddd5      	RCALL _codegen
                 ; 0000 0100 
                 ; 0000 0101       codegen(0,seg0);
00026d d018      	RCALL SUBOPT_0x3
00026e 923a      	ST   -Y,R3
00026f ddd2      	RCALL _codegen
                 ; 0000 0102       codegen(1,seg1);
000270 d029      	RCALL SUBOPT_0x9
                 ; 0000 0103       codegen(2,seg2);
000271 d02c      	RCALL SUBOPT_0xA
                 ; 0000 0104       i++;
000272 9443      	INC  R4
                 ; 0000 0105       if (i>=25) i=0, preobr(in);
000273 e1e9      	LDI  R30,LOW(25)
000274 164e      	CP   R4,R30
000275 f020      	BRLO _0x10D
000276 2444      	CLR  R4
000277 929a      	ST   -Y,R9
000278 928a      	ST   -Y,R8
000279 dece      	RCALL _preobr
                 ; 0000 0106       };
                 _0x10D:
00027a cfe7      	RJMP _0x10A
                 ; 0000 0107 }
                 _0x10E:
00027b cfff      	RJMP _0x10E
                 
                 	.DSEG
                 _in03:
000080           	.BYTE 0x2
                 _in04:
000082           	.BYTE 0x2
                 _in11:
000084           	.BYTE 0x2
                 _in12:
000086           	.BYTE 0x2
                 _in13:
000088           	.BYTE 0x2
                 _in14:
00008a           	.BYTE 0x2
                 _in21:
00008c           	.BYTE 0x2
                 _in22:
00008e           	.BYTE 0x2
                 _in23:
000090           	.BYTE 0x2
                 _in24:
000092           	.BYTE 0x2
                 
                 	.CSEG
                 ;OPTIMIZER ADDED SUBROUTINE, CALLED 6 TIMES, CODE SIZE REDUCTION:3 WORDS
                 SUBOPT_0x0:
00027c 9ade      	SBI  0x1B,6
00027d 9ad9      	SBI  0x1B,1
00027e 9508      	RET
                 
                 ;OPTIMIZER ADDED SUBROUTINE, CALLED 6 TIMES, CODE SIZE REDUCTION:3 WORDS
                 SUBOPT_0x1:
00027f 9ac4      	SBI  0x18,4
000280 9ac6      	SBI  0x18,6
000281 9508      	RET
                 
                 ;OPTIMIZER ADDED SUBROUTINE, CALLED 3 TIMES, CODE SIZE REDUCTION:2 WORDS
                 SUBOPT_0x2:
000282 98c2      	CBI  0x18,2
000283 9add      	SBI  0x1B,5
000284 9ac3      	SBI  0x18,3
000285 9508      	RET
                 
                 ;OPTIMIZER ADDED SUBROUTINE, CALLED 4 TIMES, CODE SIZE REDUCTION:1 WORDS
                 SUBOPT_0x3:
000286 e0e0      	LDI  R30,LOW(0)
000287 93ea      	ST   -Y,R30
000288 9508      	RET
                 
                 ;OPTIMIZER ADDED SUBROUTINE, CALLED 9 TIMES, CODE SIZE REDUCTION:6 WORDS
                 SUBOPT_0x4:
000289 0fea      	ADD  R30,R26
00028a 1ffb      	ADC  R31,R27
00028b 9508      	RET
                 
                 ;OPTIMIZER ADDED SUBROUTINE, CALLED 27 TIMES, CODE SIZE REDUCTION:24 WORDS
                 SUBOPT_0x5:
00028c 81a8      	LD   R26,Y
00028d 81b9      	LDD  R27,Y+1
00028e 9508      	RET
                 
                 ;OPTIMIZER ADDED SUBROUTINE, CALLED 9 TIMES, CODE SIZE REDUCTION:14 WORDS
                 SUBOPT_0x6:
00028f 2e3e      	MOV  R3,R30
000290 81e8      	LD   R30,Y
000291 81f9      	LDD  R31,Y+1
000292 9508      	RET
                 
                 ;OPTIMIZER ADDED SUBROUTINE, CALLED 18 TIMES, CODE SIZE REDUCTION:15 WORDS
                 SUBOPT_0x7:
000293 83e8      	ST   Y,R30
000294 83f9      	STD  Y+1,R31
000295 9508      	RET
                 
                 ;OPTIMIZER ADDED SUBROUTINE, CALLED 9 TIMES, CODE SIZE REDUCTION:14 WORDS
                 SUBOPT_0x8:
000296 2e2e      	MOV  R2,R30
000297 81e8      	LD   R30,Y
000298 81f9      	LDD  R31,Y+1
000299 9508      	RET
                 
                 ;OPTIMIZER ADDED SUBROUTINE, CALLED 3 TIMES, CODE SIZE REDUCTION:4 WORDS
                 SUBOPT_0x9:
00029a e0e1      	LDI  R30,LOW(1)
00029b 93ea      	ST   -Y,R30
00029c 922a      	ST   -Y,R2
00029d cda4      	RJMP _codegen
                 
                 ;OPTIMIZER ADDED SUBROUTINE, CALLED 3 TIMES, CODE SIZE REDUCTION:4 WORDS
                 SUBOPT_0xA:
00029e e0e2      	LDI  R30,LOW(2)
00029f 93ea      	ST   -Y,R30
0002a0 925a      	ST   -Y,R5
0002a1 cda0      	RJMP _codegen
                 
                 
                 	.CSEG
                 __DIVW21U:
0002a2 2400      	CLR  R0
0002a3 2411      	CLR  R1
0002a4 e190      	LDI  R25,16
                 __DIVW21U1:
0002a5 0faa      	LSL  R26
0002a6 1fbb      	ROL  R27
0002a7 1c00      	ROL  R0
0002a8 1c11      	ROL  R1
0002a9 1a0e      	SUB  R0,R30
0002aa 0a1f      	SBC  R1,R31
0002ab f418      	BRCC __DIVW21U2
0002ac 0e0e      	ADD  R0,R30
0002ad 1e1f      	ADC  R1,R31
0002ae c001      	RJMP __DIVW21U3
                 __DIVW21U2:
0002af 60a1      	SBR  R26,1
                 __DIVW21U3:
0002b0 959a      	DEC  R25
0002b1 f799      	BRNE __DIVW21U1
0002b2 01fd      	MOVW R30,R26
0002b3 01d0      	MOVW R26,R0
0002b4 9508      	RET
                 
                 ;END OF CODE MARKER
                 __END_OF_CODE:


RESOURCE USE INFORMATION
------------------------

Notice:
The register and instruction counts are symbol table hit counts,
and hence implicitly used resources are not counted, eg, the
'lpm' instruction without operands implicitly uses r0 and z,
none of which are counted.

x,y,z are separate entities in the symbol table and are
counted separately from r26..r31 here.

.dseg memory usage only counts static data declared with .byte

ATtiny261 register use summary:
r0 :   5 r1 :   4 r2 :   3 r3 :   5 r4 :   3 r5 :  11 r6 :   2 r7 :   1 
r8 :   2 r9 :   1 r10:   2 r11:   1 r12:   3 r13:   1 r14:   0 r15:   0 
r16:   0 r17:   0 r18:   0 r19:   0 r20:   0 r21:   0 r22:   0 r23:   0 
r24:   8 r25:   3 r26:  71 r27:  26 r28:   3 r29:   0 r30: 184 r31:  42 
x  :   2 y  :  32 z  :   0 
Registers used: 23 out of 35 (65.7%)

ATtiny261 instruction use summary:
.lds  :   0 .lds.l:   0 .sts  :   0 .sts.l:   0 adc   :   4 add   :   4 
adiw  :   2 and   :   0 andi  :   0 asr   :   0 bclr  :   0 bld   :   0 
brbc  :   0 brbs  :   0 brcc  :   1 brcs  :   0 break :   0 breq  :   0 
brge  :   0 brhc  :   0 brhs  :   0 brid  :   0 brie  :   0 brlo  :  19 
brlt  :   0 brmi  :   0 brne  :  27 brpl  :   0 brsh  :   0 brtc  :   0 
brts  :   0 brvc  :   0 brvs  :   0 bset  :   0 bst   :   0 cbi   :  24 
cbr   :   3 clc   :   0 clh   :   0 cli   :   1 cln   :   0 clr   :   6 
cls   :   0 clt   :   0 clv   :   0 clz   :   0 com   :   0 cp    :   1 
cpc   :  12 cpi   :  25 cpse  :   0 dec   :   4 des   :   0 eor   :   0 
fmul  :   0 fmuls :   0 fmulsu:   0 icall :   0 ijmp  :   0 in    :   5 
inc   :   1 ld    :  14 ldd   :   6 ldi   :  66 lds   :  40 lpm   :   0 
lsl   :   1 lsr   :   0 mov   :  12 movw  :   6 mul   :   0 muls  :   0 
mulsu :   0 neg   :   0 nop   :   0 or    :   0 ori   :   0 out   :  41 
pop   :   0 push  :   0 rcall : 105 ret   :  14 reti  :   1 rjmp  :  63 
rol   :   3 ror   :   0 sbc   :   1 sbci  :  12 sbi   :  35 sbic  :   0 
sbis  :   0 sbiw  :  22 sbr   :   2 sbrc  :   0 sbrs  :   0 sec   :   0 
seh   :   0 sei   :   1 sen   :   0 ser   :   0 ses   :   0 set   :   0 
sev   :   0 sez   :   0 sleep :   1 spm   :   0 st    :  13 std   :   1 
sts   :  20 sub   :   1 subi  :  12 swap  :   0 tst   :   0 wdr   :   1 

Instructions used: 42 out of 114 (36.8%)

ATtiny261 memory use summary [bytes]:
Segment   Begin    End      Code   Data   Used    Size   Use%
---------------------------------------------------------------
[.cseg] 0x000000 0x00056a   1386      0   1386    2048  67.7%
[.dseg] 0x000060 0x000094      0     20     20     128  15.6%
[.eseg] 0x000000 0x000000      0      0      0     128   0.0%

Assembly complete, 0 errors, 8 warnings
